wandb: Currently logged in as: donkus123 to https://api.wandb.ai. Use `wandb login --relogin` to force relogin
/usr/local/Caskroom/miniforge/base/lib/python3.10/site-packages/pydantic/main.py:308: UserWarning: Pydantic serializer warnings:
  Expected `list[str]` but got `tuple` - serialized value may not be as expected
  Expected `list[str]` but got `tuple` - serialized value may not be as expected
  return self.__pydantic_serializer__.to_python(
wandb: setting up run jmid4if7
wandb: Tracking run with wandb version 0.23.1
wandb: Run data is saved locally in /Users/aidanperuch/Code/five_hundred/wandb/run-20260103_174516-jmid4if7
wandb: Run `wandb offline` to turn off syncing.
wandb: Syncing run training-20260103-174516
wandb: ⭐️ View project at https://wandb.ai/donkus123/five-hundred-rl
wandb: 🚀 View run at https://wandb.ai/donkus123/five-hundred-rl/runs/jmid4if7
Initializing W&B Trainer...
Agent initialized on device: mps
Traceback (most recent call last):
  File "/Users/aidanperuch/Code/five_hundred/training/train_agent_wandb.py", line 270, in <module>
    train()
  File "/Users/aidanperuch/Code/five_hundred/training/train_agent_wandb.py", line 80, in train
    agent = PyTorchAgent(state_dim=466, action_dim=100)
  File "/Users/aidanperuch/Code/five_hundred/five_hundred/agent.py", line 102, in __init__
    self.epsilon = epsilon  # For bidding (continues decaying)
NameError: name 'epsilon' is not defined
Traceback (most recent call last):
  File "/Users/aidanperuch/Code/five_hundred/training/train_agent_wandb.py", line 270, in <module>
    train()
  File "/Users/aidanperuch/Code/five_hundred/training/train_agent_wandb.py", line 80, in train
    agent = PyTorchAgent(state_dim=466, action_dim=100)
  File "/Users/aidanperuch/Code/five_hundred/five_hundred/agent.py", line 102, in __init__
    self.epsilon = epsilon  # For bidding (continues decaying)
NameError: name 'epsilon' is not defined
[1;34mwandb[0m: 
[1;34mwandb[0m: 🚀 View run [33mtraining-20260103-174516[0m at: [34m[0m
[1;34mwandb[0m: Find logs at: [1;35mwandb/run-20260103_174516-jmid4if7/logs[0m
